// Jest Snapshot v1, https://goo.gl/fbAQLP

exports[`BackIconHeader Snapshot testing Should render BackIconHeder correctly 1`] = `
<View
  style={
    {
      "alignItems": "center",
      "flexDirection": "row",
    }
  }
>
  <View
    accessibilityState={
      {
        "busy": undefined,
        "checked": undefined,
        "disabled": undefined,
        "expanded": undefined,
        "selected": undefined,
      }
    }
    accessibilityValue={
      {
        "max": undefined,
        "min": undefined,
        "now": undefined,
        "text": undefined,
      }
    }
    accessible={true}
    collapsable={false}
    focusable={true}
    onBlur={[Function]}
    onClick={[Function]}
    onFocus={[Function]}
    onResponderGrant={[Function]}
    onResponderMove={[Function]}
    onResponderRelease={[Function]}
    onResponderTerminate={[Function]}
    onResponderTerminationRequest={[Function]}
    onStartShouldSetResponder={[Function]}
    style={
      {
        "alignSelf": "flex-start",
        "padding": 12,
      }
    }
  >
    <Image
      source={
        {
          "testUri": "../../../src/assets/images/back_icon.png",
        }
      }
      style={
        {
          "height": 30,
          "tintColor": "#000000",
          "width": 30,
        }
      }
    />
  </View>
  <Text
    style={
      {
        "color": "#000000",
        "fontFamily": "Poppins-SemiBold",
        "fontSize": 17,
        "marginTop": 2,
        "padding": 12,
      }
    }
  />
</View>
`;
